// Jest Snapshot v1, https://goo.gl/fbAQLP

exports[`Input component tests is rendered correctly 1`] = `
<SearchInput
  placeholder="Enter text"
/>
`;
