// Jest Snapshot v1, https://goo.gl/fbAQLP

exports[`Input component tests is rendered correctly 1`] = `
<Input
  blur={[Function]}
  changeText={[Function]}
  name="inputName"
  placeholder="Enter text"
/>
`;
